[93mWARNING [0m:   DEPRECATED FEATURE: flwr.client.start_numpy_client() is deprecated.
	Instead, use `flwr.client.start_client()` by ensuring you first call the `.to_client()` method as shown below:
	flwr.client.start_client(
		server_address='<IP>:<PORT>',
		client=FlowerClient().to_client(), # <-- where FlowerClient is of type flwr.client.NumPyClient object
	)
	Using `start_numpy_client()` is deprecated.

            This is a deprecated feature. It will be removed
            entirely in future versions of Flower.

[2025-09-26 14:48:16,953][flwr][WARNING] - DEPRECATED FEATURE: flwr.client.start_numpy_client() is deprecated.
	Instead, use `flwr.client.start_client()` by ensuring you first call the `.to_client()` method as shown below:
	flwr.client.start_client(
		server_address='<IP>:<PORT>',
		client=FlowerClient().to_client(), # <-- where FlowerClient is of type flwr.client.NumPyClient object
	)
	Using `start_numpy_client()` is deprecated.

            This is a deprecated feature. It will be removed
            entirely in future versions of Flower.

[32mINFO[0m:     127.0.0.1:44154 - "[1mGET /online HTTP/1.1[0m" [32m200 OK[0m
[93mWARNING [0m:   DEPRECATED FEATURE: flwr.client.start_client() is deprecated.
	Instead, use the `flower-supernode` CLI command to start a SuperNode as shown below:

		$ flower-supernode --insecure --superlink='<IP>:<PORT>'

	To view all available options, run:

		$ flower-supernode --help

	Using `start_client()` is deprecated.

            This is a deprecated feature. It will be removed
            entirely in future versions of Flower.

[2025-09-26 14:48:16,956][flwr][WARNING] - DEPRECATED FEATURE: flwr.client.start_client() is deprecated.
	Instead, use the `flower-supernode` CLI command to start a SuperNode as shown below:

		$ flower-supernode --insecure --superlink='<IP>:<PORT>'

	To view all available options, run:

		$ flower-supernode --help

	Using `start_client()` is deprecated.

            This is a deprecated feature. It will be removed
            entirely in future versions of Flower.

[2025-09-26 14:48:16,967][flwr][DEBUG] - Opened insecure gRPC connection (no certificates were passed)
[2025-09-26 14:48:16,970][flwr][DEBUG] - ChannelConnectivity.IDLE
[2025-09-26 14:48:16,970][flwr][DEBUG] - ChannelConnectivity.CONNECTING
[2025-09-26 14:48:17,006][flwr][DEBUG] - ChannelConnectivity.READY
[2025-09-26 14:48:17,017][flwr][DEBUG] - ChannelConnectivity.IDLE
[2025-09-26 14:48:17,219][flwr][DEBUG] - gRPC channel closed
--- Logging error ---
Traceback (most recent call last):
  File "/home/ccl/Desktop/rirakang/fedops/Clusterfedops-test/app.py", line 124, in fl_client_start
    await loop.run_in_executor(None, client_start)
  File "/home/ccl/anaconda3/envs/rrhypo/lib/python3.9/concurrent/futures/thread.py", line 58, in run
    result = self.fn(*self.args, **self.kwargs)
  File "/home/ccl/anaconda3/envs/rrhypo/lib/python3.9/site-packages/flwr/compat/client/app.py", line 624, in start_numpy_client
    start_client(
  File "/home/ccl/anaconda3/envs/rrhypo/lib/python3.9/site-packages/flwr/compat/client/app.py", line 183, in start_client
    start_client_internal(
  File "/home/ccl/anaconda3/envs/rrhypo/lib/python3.9/site-packages/flwr/compat/client/app.py", line 394, in start_client_internal
    message = receive()
  File "/home/ccl/anaconda3/envs/rrhypo/lib/python3.9/site-packages/flwr/compat/client/grpc_client/connection.py", line 142, in receive
    proto = next(server_message_iterator)
  File "/home/ccl/anaconda3/envs/rrhypo/lib/python3.9/site-packages/grpc/_channel.py", line 543, in __next__
    return self._next()
  File "/home/ccl/anaconda3/envs/rrhypo/lib/python3.9/site-packages/grpc/_channel.py", line 972, in _next
    raise self
grpc._channel._MultiThreadedRendezvous: <_MultiThreadedRendezvous of RPC that terminated with:
	status = StatusCode.UNAVAILABLE
	details = "Failed parsing HTTP/2"
	debug_error_string = "UNKNOWN:Error received from peer  {grpc_status:14, grpc_message:"Failed parsing HTTP/2"}"
>

During handling of the above exception, another exception occurred:

Traceback (most recent call last):
  File "/home/ccl/anaconda3/envs/rrhypo/lib/python3.9/logging/__init__.py", line 1083, in emit
    msg = self.format(record)
  File "/home/ccl/anaconda3/envs/rrhypo/lib/python3.9/logging/__init__.py", line 927, in format
    return fmt.format(record)
  File "/home/ccl/anaconda3/envs/rrhypo/lib/python3.9/logging/__init__.py", line 663, in format
    record.message = record.getMessage()
  File "/home/ccl/anaconda3/envs/rrhypo/lib/python3.9/logging/__init__.py", line 367, in getMessage
    msg = msg % self.args
TypeError: not all arguments converted during string formatting
Call stack:
  File "/home/ccl/anaconda3/envs/rrhypo/lib/python3.9/site-packages/starlette/background.py", line 27, in __call__
    await self.func(*self.args, **self.kwargs)
  File "/home/ccl/Desktop/rirakang/fedops/Clusterfedops-test/app.py", line 163, in fl_client_start
    logging.info('[E][PC0002] learning', e)
Message: '[E][PC0002] learning'
Arguments: (<_MultiThreadedRendezvous of RPC that terminated with:
	status = StatusCode.UNAVAILABLE
	details = "Failed parsing HTTP/2"
	debug_error_string = "UNKNOWN:Error received from peer  {grpc_status:14, grpc_message:"Failed parsing HTTP/2"}"
>,)
--- Logging error ---
Traceback (most recent call last):
  File "/home/ccl/Desktop/rirakang/fedops/Clusterfedops-test/app.py", line 124, in fl_client_start
    await loop.run_in_executor(None, client_start)
  File "/home/ccl/anaconda3/envs/rrhypo/lib/python3.9/concurrent/futures/thread.py", line 58, in run
    result = self.fn(*self.args, **self.kwargs)
  File "/home/ccl/anaconda3/envs/rrhypo/lib/python3.9/site-packages/flwr/compat/client/app.py", line 624, in start_numpy_client
    start_client(
  File "/home/ccl/anaconda3/envs/rrhypo/lib/python3.9/site-packages/flwr/compat/client/app.py", line 183, in start_client
    start_client_internal(
  File "/home/ccl/anaconda3/envs/rrhypo/lib/python3.9/site-packages/flwr/compat/client/app.py", line 394, in start_client_internal
    message = receive()
  File "/home/ccl/anaconda3/envs/rrhypo/lib/python3.9/site-packages/flwr/compat/client/grpc_client/connection.py", line 142, in receive
    proto = next(server_message_iterator)
  File "/home/ccl/anaconda3/envs/rrhypo/lib/python3.9/site-packages/grpc/_channel.py", line 543, in __next__
    return self._next()
  File "/home/ccl/anaconda3/envs/rrhypo/lib/python3.9/site-packages/grpc/_channel.py", line 972, in _next
    raise self
grpc._channel._MultiThreadedRendezvous: <_MultiThreadedRendezvous of RPC that terminated with:
	status = StatusCode.UNAVAILABLE
	details = "Failed parsing HTTP/2"
	debug_error_string = "UNKNOWN:Error received from peer  {grpc_status:14, grpc_message:"Failed parsing HTTP/2"}"
>

During handling of the above exception, another exception occurred:

Traceback (most recent call last):
  File "/home/ccl/anaconda3/envs/rrhypo/lib/python3.9/logging/__init__.py", line 1083, in emit
    msg = self.format(record)
  File "/home/ccl/anaconda3/envs/rrhypo/lib/python3.9/logging/__init__.py", line 927, in format
    return fmt.format(record)
  File "/home/ccl/anaconda3/envs/rrhypo/lib/python3.9/logging/__init__.py", line 663, in format
    record.message = record.getMessage()
  File "/home/ccl/anaconda3/envs/rrhypo/lib/python3.9/logging/__init__.py", line 367, in getMessage
    msg = msg % self.args
TypeError: not all arguments converted during string formatting
Call stack:
  File "/home/ccl/anaconda3/envs/rrhypo/lib/python3.9/site-packages/starlette/background.py", line 27, in __call__
    await self.func(*self.args, **self.kwargs)
  File "/home/ccl/Desktop/rirakang/fedops/Clusterfedops-test/app.py", line 163, in fl_client_start
    logging.info('[E][PC0002] learning', e)
Message: '[E][PC0002] learning'
Arguments: (<_MultiThreadedRendezvous of RPC that terminated with:
	status = StatusCode.UNAVAILABLE
	details = "Failed parsing HTTP/2"
	debug_error_string = "UNKNOWN:Error received from peer  {grpc_status:14, grpc_message:"Failed parsing HTTP/2"}"
>,)
[2025-09-26 14:48:17,244][root][INFO] - notify_fail start
[2025-09-26 14:48:17,256][root][ERROR] - trainFin
[31mERROR[0m:    Exception in ASGI application
Traceback (most recent call last):
  File "/home/ccl/anaconda3/envs/rrhypo/lib/python3.9/site-packages/uvicorn/protocols/http/httptools_impl.py", line 409, in run_asgi
    result = await app(  # type: ignore[func-returns-value]
  File "/home/ccl/anaconda3/envs/rrhypo/lib/python3.9/site-packages/uvicorn/middleware/proxy_headers.py", line 60, in __call__
    return await self.app(scope, receive, send)
  File "/home/ccl/anaconda3/envs/rrhypo/lib/python3.9/site-packages/fastapi/applications.py", line 1082, in __call__
    await super().__call__(scope, receive, send)
  File "/home/ccl/anaconda3/envs/rrhypo/lib/python3.9/site-packages/starlette/applications.py", line 113, in __call__
    await self.middleware_stack(scope, receive, send)
  File "/home/ccl/anaconda3/envs/rrhypo/lib/python3.9/site-packages/starlette/middleware/errors.py", line 186, in __call__
    raise exc
  File "/home/ccl/anaconda3/envs/rrhypo/lib/python3.9/site-packages/starlette/middleware/errors.py", line 164, in __call__
    await self.app(scope, receive, _send)
  File "/home/ccl/anaconda3/envs/rrhypo/lib/python3.9/site-packages/starlette/middleware/exceptions.py", line 63, in __call__
    await wrap_app_handling_exceptions(self.app, conn)(scope, receive, send)
  File "/home/ccl/anaconda3/envs/rrhypo/lib/python3.9/site-packages/starlette/_exception_handler.py", line 53, in wrapped_app
    raise exc
  File "/home/ccl/anaconda3/envs/rrhypo/lib/python3.9/site-packages/starlette/_exception_handler.py", line 42, in wrapped_app
    await app(scope, receive, sender)
  File "/home/ccl/anaconda3/envs/rrhypo/lib/python3.9/site-packages/starlette/routing.py", line 716, in __call__
    await self.middleware_stack(scope, receive, send)
  File "/home/ccl/anaconda3/envs/rrhypo/lib/python3.9/site-packages/starlette/routing.py", line 736, in app
    await route.handle(scope, receive, send)
  File "/home/ccl/anaconda3/envs/rrhypo/lib/python3.9/site-packages/starlette/routing.py", line 290, in handle
    await self.app(scope, receive, send)
  File "/home/ccl/anaconda3/envs/rrhypo/lib/python3.9/site-packages/starlette/routing.py", line 78, in app
    await wrap_app_handling_exceptions(app, request)(scope, receive, send)
  File "/home/ccl/anaconda3/envs/rrhypo/lib/python3.9/site-packages/starlette/_exception_handler.py", line 53, in wrapped_app
    raise exc
  File "/home/ccl/anaconda3/envs/rrhypo/lib/python3.9/site-packages/starlette/_exception_handler.py", line 42, in wrapped_app
    await app(scope, receive, sender)
  File "/home/ccl/anaconda3/envs/rrhypo/lib/python3.9/site-packages/starlette/routing.py", line 76, in app
    await response(scope, receive, send)
  File "/home/ccl/anaconda3/envs/rrhypo/lib/python3.9/site-packages/starlette/responses.py", line 168, in __call__
    await self.background()
  File "/home/ccl/anaconda3/envs/rrhypo/lib/python3.9/site-packages/starlette/background.py", line 42, in __call__
    await task()
  File "/home/ccl/anaconda3/envs/rrhypo/lib/python3.9/site-packages/starlette/background.py", line 27, in __call__
    await self.func(*self.args, **self.kwargs)
  File "/home/ccl/Desktop/rirakang/fedops/Clusterfedops-test/app.py", line 166, in fl_client_start
    raise e
  File "/home/ccl/Desktop/rirakang/fedops/Clusterfedops-test/app.py", line 124, in fl_client_start
    await loop.run_in_executor(None, client_start)
  File "/home/ccl/anaconda3/envs/rrhypo/lib/python3.9/concurrent/futures/thread.py", line 58, in run
    result = self.fn(*self.args, **self.kwargs)
  File "/home/ccl/anaconda3/envs/rrhypo/lib/python3.9/site-packages/flwr/compat/client/app.py", line 624, in start_numpy_client
    start_client(
  File "/home/ccl/anaconda3/envs/rrhypo/lib/python3.9/site-packages/flwr/compat/client/app.py", line 183, in start_client
    start_client_internal(
  File "/home/ccl/anaconda3/envs/rrhypo/lib/python3.9/site-packages/flwr/compat/client/app.py", line 394, in start_client_internal
    message = receive()
  File "/home/ccl/anaconda3/envs/rrhypo/lib/python3.9/site-packages/flwr/compat/client/grpc_client/connection.py", line 142, in receive
    proto = next(server_message_iterator)
  File "/home/ccl/anaconda3/envs/rrhypo/lib/python3.9/site-packages/grpc/_channel.py", line 543, in __next__
    return self._next()
  File "/home/ccl/anaconda3/envs/rrhypo/lib/python3.9/site-packages/grpc/_channel.py", line 972, in _next
    raise self
grpc._channel._MultiThreadedRendezvous: <_MultiThreadedRendezvous of RPC that terminated with:
	status = StatusCode.UNAVAILABLE
	details = "Failed parsing HTTP/2"
	debug_error_string = "UNKNOWN:Error received from peer  {grpc_status:14, grpc_message:"Failed parsing HTTP/2"}"
>
[32mINFO[0m:     127.0.0.1:56056 - "[1mGET /online HTTP/1.1[0m" [32m200 OK[0m
[32mINFO[0m:     127.0.0.1:56058 - "[1mGET /online HTTP/1.1[0m" [32m200 OK[0m
[32mINFO[0m:     127.0.0.1:40486 - "[1mGET /online HTTP/1.1[0m" [32m200 OK[0m
[32mINFO[0m:     127.0.0.1:51942 - "[1mGET /online HTTP/1.1[0m" [32m200 OK[0m
[32mINFO[0m:     127.0.0.1:51946 - "[1mGET /online HTTP/1.1[0m" [32m200 OK[0m
[32mINFO[0m:     127.0.0.1:58116 - "[1mGET /online HTTP/1.1[0m" [32m200 OK[0m
[32mINFO[0m:     127.0.0.1:58128 - "[1mGET /online HTTP/1.1[0m" [32m200 OK[0m
[32mINFO[0m:     127.0.0.1:42678 - "[1mGET /online HTTP/1.1[0m" [32m200 OK[0m
[32mINFO[0m:     127.0.0.1:48296 - "[1mGET /online HTTP/1.1[0m" [32m200 OK[0m
[32mINFO[0m:     127.0.0.1:48312 - "[1mGET /online HTTP/1.1[0m" [32m200 OK[0m
[32mINFO[0m:     127.0.0.1:57568 - "[1mGET /online HTTP/1.1[0m" [32m200 OK[0m
[32mINFO[0m:     127.0.0.1:53172 - "[1mGET /online HTTP/1.1[0m" [32m200 OK[0m
[32mINFO[0m:     127.0.0.1:53174 - "[1mGET /online HTTP/1.1[0m" [32m200 OK[0m
[32mINFO[0m:     127.0.0.1:54690 - "[1mGET /online HTTP/1.1[0m" [32m200 OK[0m
[32mINFO[0m:     127.0.0.1:49090 - "[1mGET /online HTTP/1.1[0m" [32m200 OK[0m
[32mINFO[0m:     127.0.0.1:49106 - "[1mGET /online HTTP/1.1[0m" [32m200 OK[0m
[32mINFO[0m:     127.0.0.1:59124 - "[1mGET /online HTTP/1.1[0m" [32m200 OK[0m
[32mINFO[0m:     127.0.0.1:60500 - "[1mGET /online HTTP/1.1[0m" [32m200 OK[0m
[32mINFO[0m:     127.0.0.1:60514 - "[1mGET /online HTTP/1.1[0m" [32m200 OK[0m
[32mINFO[0m:     127.0.0.1:58998 - "[1mGET /online HTTP/1.1[0m" [32m200 OK[0m
[32mINFO[0m:     127.0.0.1:50618 - "[1mGET /online HTTP/1.1[0m" [32m200 OK[0m
[32mINFO[0m:     127.0.0.1:50628 - "[1mGET /online HTTP/1.1[0m" [32m200 OK[0m
[32mINFO[0m:     127.0.0.1:51580 - "[1mGET /online HTTP/1.1[0m" [32m200 OK[0m
[32mINFO[0m:     127.0.0.1:58590 - "[1mGET /online HTTP/1.1[0m" [32m200 OK[0m
[32mINFO[0m:     127.0.0.1:58596 - "[1mGET /online HTTP/1.1[0m" [32m200 OK[0m
[32mINFO[0m:     127.0.0.1:48624 - "[1mGET /online HTTP/1.1[0m" [32m200 OK[0m
[32mINFO[0m:     127.0.0.1:60546 - "[1mGET /online HTTP/1.1[0m" [32m200 OK[0m
[32mINFO[0m:     127.0.0.1:60554 - "[1mGET /online HTTP/1.1[0m" [32m200 OK[0m
[32mINFO[0m:     127.0.0.1:37360 - "[1mGET /online HTTP/1.1[0m" [32m200 OK[0m
[32mINFO[0m:     127.0.0.1:37362 - "[1mGET /online HTTP/1.1[0m" [32m200 OK[0m
[32mINFO[0m:     127.0.0.1:39820 - "[1mGET /online HTTP/1.1[0m" [32m200 OK[0m
[32mINFO[0m:     127.0.0.1:38880 - "[1mGET /online HTTP/1.1[0m" [32m200 OK[0m
[32mINFO[0m:     127.0.0.1:38882 - "[1mGET /online HTTP/1.1[0m" [32m200 OK[0m
[32mINFO[0m:     127.0.0.1:37306 - "[1mGET /online HTTP/1.1[0m" [32m200 OK[0m
[32mINFO[0m:     127.0.0.1:51296 - "[1mGET /online HTTP/1.1[0m" [32m200 OK[0m
[32mINFO[0m:     127.0.0.1:51300 - "[1mGET /online HTTP/1.1[0m" [32m200 OK[0m
[32mINFO[0m:     127.0.0.1:44168 - "[1mGET /online HTTP/1.1[0m" [32m200 OK[0m
[32mINFO[0m:     127.0.0.1:51396 - "[1mGET /online HTTP/1.1[0m" [32m200 OK[0m
[32mINFO[0m:     127.0.0.1:51400 - "[1mGET /online HTTP/1.1[0m" [32m200 OK[0m
[32mINFO[0m:     127.0.0.1:34292 - "[1mGET /online HTTP/1.1[0m" [32m200 OK[0m
[32mINFO[0m:     127.0.0.1:43864 - "[1mGET /online HTTP/1.1[0m" [32m200 OK[0m
[32mINFO[0m:     127.0.0.1:43868 - "[1mGET /online HTTP/1.1[0m" [32m200 OK[0m
[32mINFO[0m:     127.0.0.1:38622 - "[1mGET /online HTTP/1.1[0m" [32m200 OK[0m
[32mINFO[0m:     127.0.0.1:39794 - "[1mGET /online HTTP/1.1[0m" [32m200 OK[0m
[32mINFO[0m:     127.0.0.1:39796 - "[1mGET /online HTTP/1.1[0m" [32m200 OK[0m
[32mINFO[0m:     127.0.0.1:47942 - "[1mGET /online HTTP/1.1[0m" [32m200 OK[0m
[32mINFO[0m:     127.0.0.1:43002 - "[1mGET /online HTTP/1.1[0m" [32m200 OK[0m
[32mINFO[0m:     127.0.0.1:43010 - "[1mGET /online HTTP/1.1[0m" [32m200 OK[0m
[32mINFO[0m:     127.0.0.1:46436 - "[1mGET /online HTTP/1.1[0m" [32m200 OK[0m
[32mINFO[0m:     127.0.0.1:33698 - "[1mGET /online HTTP/1.1[0m" [32m200 OK[0m
[32mINFO[0m:     127.0.0.1:33700 - "[1mGET /online HTTP/1.1[0m" [32m200 OK[0m
[32mINFO[0m:     127.0.0.1:35302 - "[1mGET /online HTTP/1.1[0m" [32m200 OK[0m
[32mINFO[0m:     127.0.0.1:35318 - "[1mGET /online HTTP/1.1[0m" [32m200 OK[0m
[32mINFO[0m:     127.0.0.1:53520 - "[1mGET /online HTTP/1.1[0m" [32m200 OK[0m
[32mINFO[0m:     127.0.0.1:41238 - "[1mGET /online HTTP/1.1[0m" [32m200 OK[0m
[32mINFO[0m:     127.0.0.1:41240 - "[1mGET /online HTTP/1.1[0m" [32m200 OK[0m
[32mINFO[0m:     127.0.0.1:45526 - "[1mGET /online HTTP/1.1[0m" [32m200 OK[0m
[32mINFO[0m:     127.0.0.1:48282 - "[1mGET /online HTTP/1.1[0m" [32m200 OK[0m
[32mINFO[0m:     127.0.0.1:48290 - "[1mGET /online HTTP/1.1[0m" [32m200 OK[0m
[32mINFO[0m:     127.0.0.1:40706 - "[1mGET /online HTTP/1.1[0m" [32m200 OK[0m
[32mINFO[0m:     127.0.0.1:43486 - "[1mGET /online HTTP/1.1[0m" [32m200 OK[0m
[32mINFO[0m:     127.0.0.1:43490 - "[1mGET /online HTTP/1.1[0m" [32m200 OK[0m
[32mINFO[0m:     127.0.0.1:56396 - "[1mGET /online HTTP/1.1[0m" [32m200 OK[0m
[32mINFO[0m:     127.0.0.1:35876 - "[1mGET /online HTTP/1.1[0m" [32m200 OK[0m
[32mINFO[0m:     127.0.0.1:35886 - "[1mGET /online HTTP/1.1[0m" [32m200 OK[0m
[32mINFO[0m:     127.0.0.1:35930 - "[1mGET /online HTTP/1.1[0m" [32m200 OK[0m
[32mINFO[0m:     127.0.0.1:49286 - "[1mGET /online HTTP/1.1[0m" [32m200 OK[0m
[32mINFO[0m:     127.0.0.1:49302 - "[1mGET /online HTTP/1.1[0m" [32m200 OK[0m
[32mINFO[0m:     127.0.0.1:47610 - "[1mGET /online HTTP/1.1[0m" [32m200 OK[0m
[32mINFO[0m:     127.0.0.1:36974 - "[1mGET /online HTTP/1.1[0m" [32m200 OK[0m
[32mINFO[0m:     127.0.0.1:36982 - "[1mGET /online HTTP/1.1[0m" [32m200 OK[0m
[32mINFO[0m:     127.0.0.1:35580 - "[1mGET /online HTTP/1.1[0m" [32m200 OK[0m
[32mINFO[0m:     127.0.0.1:35596 - "[1mGET /online HTTP/1.1[0m" [32m200 OK[0m
[32mINFO[0m:     127.0.0.1:49556 - "[1mGET /online HTTP/1.1[0m" [32m200 OK[0m
[32mINFO[0m:     127.0.0.1:59348 - "[1mGET /online HTTP/1.1[0m" [32m200 OK[0m
[32mINFO[0m:     127.0.0.1:59358 - "[1mGET /online HTTP/1.1[0m" [32m200 OK[0m
[32mINFO[0m:     127.0.0.1:43492 - "[1mGET /online HTTP/1.1[0m" [32m200 OK[0m
[32mINFO[0m:     127.0.0.1:57894 - "[1mGET /online HTTP/1.1[0m" [32m200 OK[0m
[32mINFO[0m:     127.0.0.1:57900 - "[1mGET /online HTTP/1.1[0m" [32m200 OK[0m
[32mINFO[0m:     127.0.0.1:42692 - "[1mGET /online HTTP/1.1[0m" [32m200 OK[0m
[32mINFO[0m:     127.0.0.1:47098 - "[1mGET /online HTTP/1.1[0m" [32m200 OK[0m
[32mINFO[0m:     127.0.0.1:47102 - "[1mGET /online HTTP/1.1[0m" [32m200 OK[0m
[32mINFO[0m:     127.0.0.1:37114 - "[1mGET /online HTTP/1.1[0m" [32m200 OK[0m
[32mINFO[0m:     127.0.0.1:59718 - "[1mGET /online HTTP/1.1[0m" [32m200 OK[0m
[32mINFO[0m:     127.0.0.1:59732 - "[1mGET /online HTTP/1.1[0m" [32m200 OK[0m
[32mINFO[0m:     127.0.0.1:37510 - "[1mGET /online HTTP/1.1[0m" [32m200 OK[0m
[32mINFO[0m:     127.0.0.1:39450 - "[1mGET /online HTTP/1.1[0m" [32m200 OK[0m
[32mINFO[0m:     127.0.0.1:39458 - "[1mGET /online HTTP/1.1[0m" [32m200 OK[0m
[32mINFO[0m:     127.0.0.1:33584 - "[1mGET /online HTTP/1.1[0m" [32m200 OK[0m
[32mINFO[0m:     127.0.0.1:59540 - "[1mGET /online HTTP/1.1[0m" [32m200 OK[0m
[32mINFO[0m:     127.0.0.1:59546 - "[1mGET /online HTTP/1.1[0m" [32m200 OK[0m
[32mINFO[0m:     127.0.0.1:43258 - "[1mGET /online HTTP/1.1[0m" [32m200 OK[0m
[32mINFO[0m:     127.0.0.1:48682 - "[1mGET /online HTTP/1.1[0m" [32m200 OK[0m
[32mINFO[0m:     127.0.0.1:48694 - "[1mGET /online HTTP/1.1[0m" [32m200 OK[0m
[32mINFO[0m:     127.0.0.1:35424 - "[1mGET /online HTTP/1.1[0m" [32m200 OK[0m
[32mINFO[0m:     127.0.0.1:35426 - "[1mGET /online HTTP/1.1[0m" [32m200 OK[0m
[32mINFO[0m:     127.0.0.1:40092 - "[1mGET /online HTTP/1.1[0m" [32m200 OK[0m
[32mINFO[0m:     127.0.0.1:59622 - "[1mGET /online HTTP/1.1[0m" [32m200 OK[0m
[32mINFO[0m:     127.0.0.1:59634 - "[1mGET /online HTTP/1.1[0m" [32m200 OK[0m
[32mINFO[0m:     127.0.0.1:38334 - "[1mGET /online HTTP/1.1[0m" [32m200 OK[0m
[32mINFO[0m:     127.0.0.1:40012 - "[1mGET /online HTTP/1.1[0m" [32m200 OK[0m
[32mINFO[0m:     127.0.0.1:40020 - "[1mGET /online HTTP/1.1[0m" [32m200 OK[0m
[32mINFO[0m:     127.0.0.1:38968 - "[1mGET /online HTTP/1.1[0m" [32m200 OK[0m
[32mINFO[0m:     127.0.0.1:54544 - "[1mGET /online HTTP/1.1[0m" [32m200 OK[0m
[32mINFO[0m:     127.0.0.1:54560 - "[1mGET /online HTTP/1.1[0m" [32m200 OK[0m
[32mINFO[0m:     127.0.0.1:46254 - "[1mGET /online HTTP/1.1[0m" [32m200 OK[0m
[32mINFO[0m:     127.0.0.1:41464 - "[1mGET /online HTTP/1.1[0m" [32m200 OK[0m
[32mINFO[0m:     127.0.0.1:41466 - "[1mGET /online HTTP/1.1[0m" [32m200 OK[0m
[32mINFO[0m:     127.0.0.1:34624 - "[1mGET /online HTTP/1.1[0m" [32m200 OK[0m
[32mINFO[0m:     127.0.0.1:52580 - "[1mGET /online HTTP/1.1[0m" [32m200 OK[0m
[32mINFO[0m:     127.0.0.1:52590 - "[1mGET /online HTTP/1.1[0m" [32m200 OK[0m
[32mINFO[0m:     127.0.0.1:58102 - "[1mGET /online HTTP/1.1[0m" [32m200 OK[0m
[32mINFO[0m:     127.0.0.1:33618 - "[1mGET /online HTTP/1.1[0m" [32m200 OK[0m
[32mINFO[0m:     127.0.0.1:33626 - "[1mGET /online HTTP/1.1[0m" [32m200 OK[0m
[32mINFO[0m:     127.0.0.1:57380 - "[1mGET /online HTTP/1.1[0m" [32m200 OK[0m
[32mINFO[0m:     127.0.0.1:59378 - "[1mGET /online HTTP/1.1[0m" [32m200 OK[0m
[32mINFO[0m:     127.0.0.1:59392 - "[1mGET /online HTTP/1.1[0m" [32m200 OK[0m
[32mINFO[0m:     127.0.0.1:51832 - "[1mGET /online HTTP/1.1[0m" [32m200 OK[0m
[32mINFO[0m:     127.0.0.1:51838 - "[1mGET /online HTTP/1.1[0m" [32m200 OK[0m
[32mINFO[0m:     127.0.0.1:35514 - "[1mGET /online HTTP/1.1[0m" [32m200 OK[0m
[32mINFO[0m:     127.0.0.1:49978 - "[1mGET /online HTTP/1.1[0m" [32m200 OK[0m
[32mINFO[0m:     127.0.0.1:49982 - "[1mGET /online HTTP/1.1[0m" [32m200 OK[0m
[32mINFO[0m:     127.0.0.1:38474 - "[1mGET /online HTTP/1.1[0m" [32m200 OK[0m
[32mINFO[0m:     127.0.0.1:39532 - "[1mGET /online HTTP/1.1[0m" [32m200 OK[0m
[32mINFO[0m:     127.0.0.1:39548 - "[1mGET /online HTTP/1.1[0m" [32m200 OK[0m
[32mINFO[0m:     127.0.0.1:44332 - "[1mGET /online HTTP/1.1[0m" [32m200 OK[0m
[32mINFO[0m:     127.0.0.1:36936 - "[1mGET /online HTTP/1.1[0m" [32m200 OK[0m
[32mINFO[0m:     127.0.0.1:36942 - "[1mGET /online HTTP/1.1[0m" [32m200 OK[0m
[32mINFO[0m:     127.0.0.1:40766 - "[1mGET /online HTTP/1.1[0m" [32m200 OK[0m
[32mINFO[0m:     127.0.0.1:33002 - "[1mGET /online HTTP/1.1[0m" [32m200 OK[0m
[32mINFO[0m:     127.0.0.1:33006 - "[1mGET /online HTTP/1.1[0m" [32m200 OK[0m
[32mINFO[0m:     127.0.0.1:44306 - "[1mGET /online HTTP/1.1[0m" [32m200 OK[0m
[32mINFO[0m:     127.0.0.1:56136 - "[1mGET /online HTTP/1.1[0m" [32m200 OK[0m
[32mINFO[0m:     127.0.0.1:56152 - "[1mGET /online HTTP/1.1[0m" [32m200 OK[0m
[32mINFO[0m:     127.0.0.1:55736 - "[1mGET /online HTTP/1.1[0m" [32m200 OK[0m
[32mINFO[0m:     127.0.0.1:48462 - "[1mGET /online HTTP/1.1[0m" [32m200 OK[0m
[32mINFO[0m:     127.0.0.1:48470 - "[1mGET /online HTTP/1.1[0m" [32m200 OK[0m
[32mINFO[0m:     127.0.0.1:34628 - "[1mGET /online HTTP/1.1[0m" [32m200 OK[0m
[2025-09-26 15:03:18,819][root][INFO] - bulid model
[2025-09-26 15:03:18,819][root][INFO] - FL start
[2025-09-26 15:03:18,825][client_api][INFO] - FL_server_IP:port - ccl.gachon.ac.kr:40032
[32mINFO[0m:     127.0.0.1:34632 - "[1mPOST /start HTTP/1.1[0m" [32m200 OK[0m
[2025-09-26 15:03:18,826][root][INFO] - FL learning ready
[2025-09-26 15:03:18,827][root][INFO] - fl_task_id: clustertest
[2025-09-26 15:03:18,827][root][INFO] - dataset: MNIST
[2025-09-26 15:03:18,827][root][INFO] - output_size: 10
[2025-09-26 15:03:18,827][root][INFO] - validation_split: 0.2
[2025-09-26 15:03:18,827][root][INFO] - model_type: Pytorch
[2025-09-26 15:03:18,828][root][INFO] - wandb_key: 38f6cf3c2c37660d42ebfe8ab434b72d34be3b31
[2025-09-26 15:03:18,828][root][INFO] - wandb_account: rirakang@gachon.ac.kr
[34m[1mwandb[0m: [33mWARNING[0m Calling wandb.login() after wandb.init() has no effect.
[34m[1mwandb[0m: wandb.init() called while a run is active and reinit is set to 'default', so returning the previous run.
[93mWARNING [0m:   DEPRECATED FEATURE: flwr.client.start_numpy_client() is deprecated.
	Instead, use `flwr.client.start_client()` by ensuring you first call the `.to_client()` method as shown below:
	flwr.client.start_client(
		server_address='<IP>:<PORT>',
		client=FlowerClient().to_client(), # <-- where FlowerClient is of type flwr.client.NumPyClient object
	)
	Using `start_numpy_client()` is deprecated.

            This is a deprecated feature. It will be removed
            entirely in future versions of Flower.

[2025-09-26 15:03:18,831][flwr][WARNING] - DEPRECATED FEATURE: flwr.client.start_numpy_client() is deprecated.
	Instead, use `flwr.client.start_client()` by ensuring you first call the `.to_client()` method as shown below:
	flwr.client.start_client(
		server_address='<IP>:<PORT>',
		client=FlowerClient().to_client(), # <-- where FlowerClient is of type flwr.client.NumPyClient object
	)
	Using `start_numpy_client()` is deprecated.

            This is a deprecated feature. It will be removed
            entirely in future versions of Flower.

[93mWARNING [0m:   DEPRECATED FEATURE: flwr.client.start_client() is deprecated.
	Instead, use the `flower-supernode` CLI command to start a SuperNode as shown below:

		$ flower-supernode --insecure --superlink='<IP>:<PORT>'

	To view all available options, run:

		$ flower-supernode --help

	Using `start_client()` is deprecated.

            This is a deprecated feature. It will be removed
            entirely in future versions of Flower.

[2025-09-26 15:03:18,833][flwr][WARNING] - DEPRECATED FEATURE: flwr.client.start_client() is deprecated.
	Instead, use the `flower-supernode` CLI command to start a SuperNode as shown below:

		$ flower-supernode --insecure --superlink='<IP>:<PORT>'

	To view all available options, run:

		$ flower-supernode --help

	Using `start_client()` is deprecated.

            This is a deprecated feature. It will be removed
            entirely in future versions of Flower.

[2025-09-26 15:03:18,834][flwr][DEBUG] - Opened insecure gRPC connection (no certificates were passed)
[2025-09-26 15:03:18,837][flwr][DEBUG] - ChannelConnectivity.IDLE
[2025-09-26 15:03:18,871][flwr][DEBUG] - ChannelConnectivity.CONNECTING
[2025-09-26 15:03:18,873][flwr][DEBUG] - ChannelConnectivity.READY
[92mINFO [0m:
[2025-09-26 15:03:19,799][flwr][INFO] -
[92mINFO [0m:      Received: train message be934501-02f6-4143-b34d-6ba6bc25bad8
[2025-09-26 15:03:19,800][flwr][INFO] - Received: train message be934501-02f6-4143-b34d-6ba6bc25bad8
config: {'hp_local_epochs': 1, 'batch_size': 128, 'hp_batch_size': 64, 'cluster_id': 0, 'num_rounds': 2, 'hp_learning_rate': 1.3000599068444763e-05, 'local_epochs': 1}
Starting evalutation...
Testing: 100%|██████████████████████████████████████████████████████████████████████████| 563/563 [00:06<00:00, 90.30batch/s]
Starting evalutation...
Testing: 100%|████████████████████████████████████████████████████████████████████████████| 94/94 [00:02<00:00, 45.77batch/s]
[2025-09-26 15:03:36,125][client_fl][INFO] - train_performance - {"fl_task_id": "clustertest", "client_mac": "f0:2f:74:96:d6:64", "client_name": "ccl-y-server", "round": 1, "gl_model_v": 7, "train_loss": 0.0015072988913205814, "train_accuracy": 0.9996666666666667, "train_f1_score": 0.9996666537054454, "val_loss": 0.03312938368450906, "val_accuracy": 0.9924166666666666, "val_f1_score": 0.9924163104759605, "train_time": 16.300020694732666, "wandb_name": "ccl-y-server-v0(2025-09-26 13:47:28.230866)", "cluster_id": 0}
[92mINFO [0m:      Sent reply
[2025-09-26 15:03:36,193][flwr][INFO] - Sent reply
[92mINFO [0m:
[2025-09-26 15:03:40,250][flwr][INFO] -
[92mINFO [0m:      Received: evaluate message 86ab93ff-7d5b-4ddb-8797-8c23bb0e3cdf
[2025-09-26 15:03:40,251][flwr][INFO] - Received: evaluate message 86ab93ff-7d5b-4ddb-8797-8c23bb0e3cdf
Starting evalutation...
Testing: 100%|████████████████████████████████████████████████████████████████████████████| 94/94 [00:02<00:00, 45.41batch/s]
[2025-09-26 15:03:42,357][client_fl][INFO] - test - {"fl_task_id": "clustertest", "client_mac": "f0:2f:74:96:d6:64", "client_name": "ccl-y-server", "round": 1, "test_loss": 0.03704156220950647, "test_accuracy": 0.9910833333333333, "gl_model_v": 7, "wandb_name": "ccl-y-server-v0(2025-09-26 13:47:28.230866)", "cluster_id": 0}
[92mINFO [0m:      Sent reply
[2025-09-26 15:03:42,371][flwr][INFO] - Sent reply
[92mINFO [0m:
[2025-09-26 15:05:12,352][flwr][INFO] -
[92mINFO [0m:      Received: evaluate message 977f553a-668f-4aeb-b6b7-4bd54d23a913
[2025-09-26 15:05:12,353][flwr][INFO] - Received: evaluate message 977f553a-668f-4aeb-b6b7-4bd54d23a913
Starting evalutation...
Testing: 100%|████████████████████████████████████████████████████████████████████████████| 94/94 [00:02<00:00, 45.21batch/s]
[2025-09-26 15:05:14,470][client_fl][INFO] - test - {"fl_task_id": "clustertest", "client_mac": "f0:2f:74:96:d6:64", "client_name": "ccl-y-server", "round": 2, "test_loss": 0.03793307433574847, "test_accuracy": 0.99175, "gl_model_v": 7, "wandb_name": "ccl-y-server-v0(2025-09-26 13:47:28.230866)", "cluster_id": 0}
[92mINFO [0m:      Sent reply
[2025-09-26 15:05:14,482][flwr][INFO] - Sent reply
[92mINFO [0m:
[2025-09-26 15:05:14,494][flwr][INFO] -
[92mINFO [0m:      Received: reconnect message f4171125-454e-41cc-9be8-c217a21f8e66
[2025-09-26 15:05:14,495][flwr][INFO] - Received: reconnect message f4171125-454e-41cc-9be8-c217a21f8e66
[2025-09-26 15:05:14,507][flwr][DEBUG] - gRPC channel closed
[92mINFO [0m:      Disconnect and shut down
[2025-09-26 15:05:14,508][flwr][INFO] - Disconnect and shut down
[2025-09-26 15:05:14,536][root][INFO] - fl learning finished
